// Jest Snapshot v1, https://goo.gl/fbAQLP

exports[`Pruebas sobre el componente GifFridItem debe de mostrar el componente correctamente 1`] = `
<div
  className="card animate__animated animate__fadeInLeft"
>
  <img
    alt="pokemon"
    src="https://image.com"
  />
  <p>
    pokemon
  </p>
</div>
`;
